// Jest Snapshot v1, https://goo.gl/fbAQLP

exports[`AmenityItem should render correctly 1`] = `
<div
  className="div-description-amenity-item"
>
  mockAmenity1
</div>
`;
