// Jest Snapshot v1, https://goo.gl/fbAQLP

exports[`ContactHost should render correctly 1`] = `
<div
  className="div-description-contact-host"
>
  <a
    href="#"
  >
    Contact Host
  </a>
</div>
`;
